[2026-03-29 20:25:57] Starting emergency cleanup and health check...
[2026-03-29 20:25:57] Root disk free GB: 22,72
[2026-03-29 20:25:57] Project disk free GB: 22,72
[2026-03-29 20:26:56] Cleaning user caches...
[2026-03-29 20:26:59] Cleaning user logs...
[2026-03-29 20:26:59] Cleaning Mail downloads...
[2026-03-29 20:27:00] Cleaning CrashReporter files...
[2026-03-29 20:27:00] Cleaning VS Code cache...
[2026-03-29 20:27:00] Cleaning pip cache...
[2026-03-29 20:27:01] Cleaning Xcode DerivedData...
[2026-03-29 20:27:01] Removing Previously Relocated Items...
[2026-03-29 20:27:01] Running Homebrew cleanup if available...
[2026-03-29 20:27:09] Skipping sudo-only cleanup because sudo access is not active.
[2026-03-29 20:27:09] Run 'sudo -v' first, then run the script again for deeper cleanup.
[2026-03-29 20:27:09] Root disk free GB: 22,27
[2026-03-29 20:27:09] Project disk free GB: 22,27
[2026-03-29 20:27:57] Docker daemon already running.
[2026-03-29 20:27:57] Docker disk usage before cleanup:
TYPE            TOTAL     ACTIVE    SIZE      RECLAIMABLE
Images          0         0         0B        0B
Containers      0         0         0B        0B
Local Volumes   0         0         0B        0B
Build Cache     0         0         0B        0B
[2026-03-29 20:27:57] Pruning stopped containers, unused networks, dangling images...
[2026-03-29 20:27:57] Pruning builder cache...
[2026-03-29 20:27:58] Pruning unused images...
[2026-03-29 20:27:58] Pruning unused volumes...
[2026-03-29 20:27:58] Docker disk usage after cleanup:
TYPE            TOTAL     ACTIVE    SIZE      RECLAIMABLE
Images          0         0         0B        0B
Containers      0         0         0B        0B
Local Volumes   0         0         0B        0B
Build Cache     0         0         0B        0B
[2026-03-29 20:27:58] Project root exists: /Users/Shared/LMCP-AutoQuote-Server
[2026-03-29 20:27:58] .env file found.
[2026-03-29 20:27:58] app directory found.
[2026-03-29 20:27:58] app/main.py found.
[2026-03-29 20:27:58] monthly_quotes directory found.
[2026-03-29 20:27:58] Python version: Python 3.9.6
[2026-03-29 20:27:58] Checking FastAPI health endpoints...
[2026-03-29 20:27:58] Swagger docs not reachable.
[2026-03-29 20:27:58] /dashboard/system-health not reachable.
[2026-03-29 20:27:58] /autonomous/status not reachable.
[2026-03-29 20:27:58] Final free disk: 22,27 GB
[2026-03-29 20:27:58] STATUS: HEALTHY — above 20GB free.
[2026-03-29 20:27:59] Docker status: RUNNING
[2026-03-29 20:27:59] Detailed log saved to: /Users/Shared/LMCP-AutoQuote-Server/clean_health_check.log
